// Jest Snapshot v1, https://goo.gl/fbAQLP

exports[`Pruebas de <GifItem /> should de hacer match con el snapshot 1`] = `
<div>
  <div
    class="card"
  >
    <img
      alt="Goku"
      src="https://one-punch.com/Goku"
    />
    <p>
      Goku
    </p>
  </div>
</div>
`;
